AppImage application-x-executable
elf application-x-executable
exe application-x-executable
com application-x-executable
bat application-x-executable
bin application-x-executable
msi application-x-executable
sfx application-x-executable
sh application-x-shellscript
shar application-x-shar
tar application-x-tar
tbz application-x-tar
tgz application-x-compressed-tar
xz application-x-xz
zip application-x-zip
rar application-x-rar
gz application-x-compressed-tar
eopkg application-x-eopkg
apk application-x-apk
snap application-x-snap
txt text-x-generic
log text-x-generic
json text-x-generic
yaml text-x-generic
dsc text-x-generic
build text-x-generic
conf text-x-generic
config text-x-generic
md5sums text-x-generic
sha256sums text-x-generic
sha512sums text-x-generic
asc text-x-generic
sig text-x-generic
pgp text-x-generic
list text-x-generic
gpg text-x-generic
yml text-x-generic
hs text-x-generic
cabal text-x-generic
ini text-x-generic
html text-html
htm text-html
php text-html
css text-css
md text-x-generic-template
rst text-x-generic-template
rpm application-x-rpm
deb application-x-deb
odeb application-x-deb
opkg application-x-deb
png image-x-generic
psd image-x-generic
jpg image-x-generic
jpeg image-x-generic
doc x-office-document
docx x-office-document
xls x-office-spreadsheet
xlsx x-office-spreadsheet
odt x-office-document
ods x-office-spreadsheet
odp x-office-presentation
pdf application-pdf
ppt x-office-presentation
pptx x-office-presentation
rtf x-office-document
txt text-x-generic
xml text-xml
bmp image-x-generic
svg image-x-generic
svgz image-x-generic
tiff image-x-generic
ico image-x-generic
tif image-x-generic
xbm image-x-generic
xpm image-x-generic
cmake text-cmake
xwd image-x-generic
gif image-x-generic
kra image-x-generic
pbm image-x-generic
pgm image-x-generic
ppm image-x-generic
rgb image-x-generic
xwd image-x-generic
tga image-x-generic
sai image-x-generic
iso media-optical-dvd
mkv video-x-generic
mp4 video-x-generic
mpg video-x-generic
mpeg video-x-generic
mov video-x-generic
mxf video-x-generic
ogg video-x-generic
ogm video-x-generic
ogv video-x-generic
qt video-x-generic
rm video-x-generic
rmvb video-x-generic
swf video-x-generic
avi video-x-generic
wmv video-x-generic
wmx video-x-generic
xvid video-x-generic
m4v video-x-generic
webm video-x-generic
flv video-x-generic
mp3 audio-x-generic
aac audio-x-generic
ac3 audio-x-generic
flac audio-x-generic
m4a audio-x-generic
mpc audio-x-generic
mpc2k audio-x-generic
mpc3 audio-x-generic
mpc4 audio-x-generic
ttf font-x-generic
mpp audio-x-generic
oga audio-x-generic
ogg audio-x-generic
opus audio-x-generic
spx audio-x-generic
wav audio-x-generic
wma audio-x-generic
wv audio-x-generic
mka audio-x-generic
ovpn application-certificate
exe application-x-executable
iso application-x-cd-image
bin application-x-executable
deb application-x-deb
dmg application-x-apple-diskimage
rpm application-x-rpm
tar application-x-tar
gz application-x-gzip
bz2 application-x-bzip2
xz application-x-xz
zip application-x-zip
doc application-x-msword
docx application-x-word
xls application-x-msexcel
xlsx application-x-excel
ppt application-x-mspowerpoint
pptx application-x-powerpoint
odt application-x-vnd.oasis.opendocument.text
ods application-x-vnd.oasis.opendocument.spreadsheet
odp application-x-vnd.oasis.opendocument.presentation
odg application-x-vnd.oasis.opendocument.graphics
odc application-x-vnd.oasis.opendocument.chart
odf application-x-vnd.oasis.opendocument.formula
odb application-x-vnd.oasis.opendocument.database
odi application-x-vnd.oasis.opendocument.image
odm application-x-vnd.oasis.opendocument.text-master
ott application-x-vnd.oasis.opendocument.text-template
ots application-x-vnd.oasis.opendocument.spreadsheet-template
otp application-x-vnd.oasis.opendocument.presentation-template
otg application-x-vnd.oasis.opendocument.graphics-template
otc application-x-vnd.oasis.opendocument.chart-template
otf application-x-vnd.oasis.opendocument.formula-template
otb application-x-vnd.oasis.opendocument.text-web
ots application-x-vnd.oasis.opendocument.spreadsheet-template
otp application-x-vnd.oasis.opendocument.presentation-template
otc application-x-vnd.oasis.opendocument.chart-template
otf application-x-vnd.oasis.opendocument.formula-template
otb application-x-vnd.oasis.opendocument.text-web
odt application-x-vnd.oasis.opendocument.text-template
ods application-x-vnd.oasis.opendocument.spreadsheet-template
odp application-x-vnd.oasis.opendocument.presentation-template
odg application-x-vnd.oasis.opendocument.graphics-template
odc application-x-vnd.oasis.opendocument.chart-template
odf application-x-vnd.oasis.opendocument.formula-template
odb application-x-vnd.oasis.opendocument.database-template
odi application-x-vnd.oasis.opendocument.image-template
odm application-x-vnd.oasis.opendocument.text-master-template
ott application-x-vnd.oasis.opendocument.text-web-template
otc application-x-vnd.oasis.opendocument.chart-template
otf application-x-vnd.oasis.opendocument.formula-template
otb application-x-vnd.oasis.opendocument.text-web-template
otc application-x-vnd.oasis.opendocument.chart-template
otf application-x-vnd.oasis.opendocument.formula-template
otb application-x-vnd.oasis.opendocument.text-web-template
otc application-x-vnd.oasis.opendocument.chart-template
otf application-x-vnd.oasis.opendocument.formula-template
otb application-x-vnd.oasis.opendocument.text-web-template
otc application-x-vnd.oasis.opendocument.chart-template
otf application-x-vnd.oasis.opendocument.formula-template
otb application-x-vnd.oasis.opendocument.text-web-template
otc application-x-vnd.oasis.opendocument.chart-template
otf application-x-vnd.oasis.opendocument.formula-template
otb application-x-vnd.oasis.opendocument.text-web-template